Microchip MPLAB XC8 Compiler V2.32

Linker command line:

-W-3 --edf=C:\Program Files\Microchip\xc8\v2.32\pic\dat\en_msgs.txt -cn \
  -h+dist/default/production\rl.X.production.sym \
  --cmf=dist/default/production\rl.X.production.cmf -z -Q18F4550 \
  -oC:\Users\vboxuser\AppData\Local\Temp\xcAs6f8.4 --defsym=__MPLAB_BUILD=1 \
  -Mdist/default/production/rl.X.production.map -E1 -ver=XC8 Compiler \
  --acfsm=1493 -ASTACK=0120h-07FFh -pstack=STACK -ACODE=00h-07FFFh \
  -ACONST=00h-07FFFh -ASMALLCONST=0800h-08FFhx120 \
  -AMEDIUMCONST=0800h-07FFFh -ACOMRAM=01h-05Fh -AABS1=00h-07FFh \
  -ABIGRAM=01h-07FFh -ARAM=060h-0FFh,0100h-01FFhx7 -ABANK0=060h-0FFh \
  -ABANK1=0100h-01FFh -ABANK2=0200h-02FFh -ABANK3=0300h-03FFh \
  -ABANK4=0400h-04FFh -ABANK5=0500h-05FFh -ABANK6=0600h-06FFh \
  -ABANK7=0700h-07FFh -ASFR=0F60h-0FFFh -ACONFIG=0300000h-030000Dh \
  -AIDLOC=0200000h-0200007h -AEEDATA=0F00000h-0F000FFh -peeprom_data=EEDATA \
  -preset_vec=00h,intcode=08h,intcodelo,powerup,init -pramtop=0800h \
  -psmallconst=SMALLCONST -pmediumconst=MEDIUMCONST -pconst=CONST \
  -AFARRAM=00h-00h \
  -prdata=COMRAM,nvrram=COMRAM,nvbit=COMRAM,rbss=COMRAM,rbit=COMRAM \
  -pfarbss=FARRAM,fardata=FARRAM,nvFARRAM=FARRAM \
  -pintsave_regs=BIGRAM,bigbss=BIGRAM,bigdata=BIGRAM -pbss=RAM \
  -pidata=CODE,irdata=CODE,ibigdata=CODE,ifardata=CODE -prparam=COMRAM \
  C:\Users\vboxuser\AppData\Local\Temp\xcAs6f8.o \
  dist/default/production\rl.X.production.o 

Object code version is 3.11

Machine type is 18F4550



                Name                               Link     Load   Length Selector   Space Scale
C:\Users\vboxuser\AppData\Local\Temp\xcAs6f8.o
                idloc                            200000   200000        8        0       5
                config                           300000   300000        E        0       4
                init                                  E        E        4        4       0
                reset_vec                             0        0        4        0       0
dist/default/production\rl.X.production.o
                intcode                               8        8        6        4       0
                idloc                            200000   200000        8        0       5
                config                           300000   300000        E        0       4
                temp                                 53       53        1        1       1
                smallconst                          800      800       A0      400       0
                text68                             3AC4     3AC4       C4      450       0
                text67                             339A     339A      106      450       0
                text66                             2A10     2A10      1B4      450       0
                text65                             34A0     34A0      104      450       0
                text64                             164E     164E      42A      450       0
                text63                             46E2     46E2       38      450       0
                text62                              D62      D62      4C0      450       0
                text61                             442E     442E       46      450       0
                text60                             1E38     1E38      3AE      450       0
                text59                             46AA     46AA       38      450       0
                intcode_body                       378C     378C       DC      450       0
                text57                             471A     471A       34      450       0
                text56                             4198     4198       4E      450       0
                text55                             4822     4822       12      450       0
                text54                             4232     4232       4C      450       0
                text53                             3D60     3D60       84      450       0
                text52                             41E6     41E6       4C      450       0
                text51                             474E     474E       30      450       0
                text50                             4834     4834        A      450       0
                text49                             44FC     44FC       44      450       0
                text48                             47AC     47AC       20      450       0
                text47                             47CC     47CC       1C      450       0
                text46                             44B8     44B8       44      450       0
                text45                             4474     4474       44      450       0
                text44                             24CA     24CA      1D6      450       0
                text43                             4582     4582       40      450       0
                text42                             3B88     3B88       C0      450       0
                text41                             42C8     42C8       4A      450       0
                text40                             3EDA     3EDA       70      450       0
                text39                             4086     4086       62      450       0
                text38                             43E8     43E8       46      450       0
                text37                             3E66     3E66       74      450       0
                text36                             3CDC     3CDC       84      450       0
                text35                             3060     3060      12C      450       0
                text34                             47FC     47FC       14      450       0
                text33                             47E8     47E8       14      450       0
                text32                             43A2     43A2       46      450       0
                text31                             369A     369A       F2      450       0
                text30                             477E     477E       2E      450       0
                text29                             39FE     39FE       C6      450       0
                text28                             318C     318C      108      450       0
                text27                             2858     2858      1B8      450       0
                text26                             3294     3294      106      450       0
                text25                             1222     1222      42C      450       0
                text24                             4670     4670       3A      450       0
                text23                              8A0      8A0      4C2      450       0
                text22                             435A     435A       48      450       0
                text21                             1A78     1A78      3C0      450       0
                text20                             4636     4636       3A      450       0
                text19                             2D70     2D70      18A      450       0
                text18                             2EFA     2EFA      166      450       0
                text17                             4540     4540       42      450       0
                text16                             4840     4840        2      450       0
                text15                             3868     3868       CC      450       0
                text14                             4312     4312       48      450       0
                text13                             45FC     45FC       3A      450       0
                text12                             3934     3934       CA      450       0
                text11                             21E6     21E6      2E4      450       0
                text10                             26A0     26A0      1B8      450       0
                text9                              4024     4024       62      450       0
                text8                              4146     4146       52      450       0
                text7                              3FB8     3FB8       6C      450       0
                text6                              45C2     45C2       3A      450       0
                text5                              427E     427E       4A      450       0
                text4                              3C48     3C48       94      450       0
                text3                              3F4A     3F4A       6E      450       0
                text2                              2BC4     2BC4      1AC      450       0
                text1                              35A4     35A4       F6      450       0
                text0                              3DE4     3DE4       82      450       0
                cstackCOMRAM                          1        1       50        1       1
                cstackBANK0                          60       60       7E       60       1
                bssBANK1                            100      100       20      100       1
                dataBANK0                            DE       DE       12       60       1
                bssBANK0                             F0       F0       10       60       1
                dataCOMRAM                           51       51        2        1       1
                cinit                              40E8     40E8       5E      450       0
                idataBANK0                         4810     4810       12      450       0
                idataCOMRAM                        483E     483E        2      450       0

TOTAL           Name                               Link     Load   Length     Space
        CLASS   STACK          

        CLASS   CODE           
                intcode                               8        8        6         0
                init                                  E        E        4         0
                reset_vec                             0        0        4         0
                text68                             3AC4     3AC4       C4         0
                text67                             339A     339A      106         0
                text66                             2A10     2A10      1B4         0
                text65                             34A0     34A0      104         0
                text64                             164E     164E      42A         0
                text63                             46E2     46E2       38         0
                text62                              D62      D62      4C0         0
                text61                             442E     442E       46         0
                text60                             1E38     1E38      3AE         0
                text59                             46AA     46AA       38         0
                intcode_body                       378C     378C       DC         0
                text57                             471A     471A       34         0
                text56                             4198     4198       4E         0
                text55                             4822     4822       12         0
                text54                             4232     4232       4C         0
                text53                             3D60     3D60       84         0
                text52                             41E6     41E6       4C         0
                text51                             474E     474E       30         0
                text50                             4834     4834        A         0
                text49                             44FC     44FC       44         0
                text48                             47AC     47AC       20         0
                text47                             47CC     47CC       1C         0
                text46                             44B8     44B8       44         0
                text45                             4474     4474       44         0
                text44                             24CA     24CA      1D6         0
                text43                             4582     4582       40         0
                text42                             3B88     3B88       C0         0
                text41                             42C8     42C8       4A         0
                text40                             3EDA     3EDA       70         0
                text39                             4086     4086       62         0
                text38                             43E8     43E8       46         0
                text37                             3E66     3E66       74         0
                text36                             3CDC     3CDC       84         0
                text35                             3060     3060      12C         0
                text34                             47FC     47FC       14         0
                text33                             47E8     47E8       14         0
                text32                             43A2     43A2       46         0
                text31                             369A     369A       F2         0
                text30                             477E     477E       2E         0
                text29                             39FE     39FE       C6         0
                text28                             318C     318C      108         0
                text27                             2858     2858      1B8         0
                text26                             3294     3294      106         0
                text25                             1222     1222      42C         0
                text24                             4670     4670       3A         0
                text23                              8A0      8A0      4C2         0
                text22                             435A     435A       48         0
                text21                             1A78     1A78      3C0         0
                text20                             4636     4636       3A         0
                text19                             2D70     2D70      18A         0
                text18                             2EFA     2EFA      166         0
                text17                             4540     4540       42         0
                text16                             4840     4840        2         0
                text15                             3868     3868       CC         0
                text14                             4312     4312       48         0
                text13                             45FC     45FC       3A         0
                text12                             3934     3934       CA         0
                text11                             21E6     21E6      2E4         0
                text10                             26A0     26A0      1B8         0
                text9                              4024     4024       62         0
                text8                              4146     4146       52         0
                text7                              3FB8     3FB8       6C         0
                text6                              45C2     45C2       3A         0
                text5                              427E     427E       4A         0
                text4                              3C48     3C48       94         0
                text3                              3F4A     3F4A       6E         0
                text2                              2BC4     2BC4      1AC         0
                text1                              35A4     35A4       F6         0
                text0                              3DE4     3DE4       82         0
                cinit                              40E8     40E8       5E         0
                idataBANK0                         4810     4810       12         0
                idataCOMRAM                        483E     483E        2         0

        CLASS   CONST          

        CLASS   SMALLCONST     
                smallconst                          800      800       A0         0

        CLASS   MEDIUMCONST    

        CLASS   COMRAM         
                temp                                 53       53        1         1
                cstackCOMRAM                          1        1       50         1
                dataCOMRAM                           51       51        2         1

        CLASS   ABS1           

        CLASS   BIGRAM         

        CLASS   RAM            

        CLASS   BANK0          
                cstackBANK0                          60       60       7E         1
                dataBANK0                            DE       DE       12         1
                bssBANK0                             F0       F0       10         1

        CLASS   BANK1          
                bssBANK1                            100      100       20         1

        CLASS   BANK2          

        CLASS   BANK3          

        CLASS   BANK4          

        CLASS   BANK5          

        CLASS   BANK6          

        CLASS   BANK7          

        CLASS   SFR            

        CLASS   CONFIG         
                config                           300000   300000        E         4

        CLASS   IDLOC          
                idloc                            200000   200000        8         5

        CLASS   EEDATA         

        CLASS   FARRAM         



SEGMENTS        Name                           Load    Length   Top    Selector   Space  Class

                reset_vec                      000000  000004  000004         0       0  CODE    
                cstackCOMRAM                   000001  000053  000054         1       1  COMRAM  
                intcode                        000008  00000A  000012         4       0  CODE    
                cstackBANK0                    000060  0000A0  000100        60       1  BANK0   
                bssBANK1                       000100  000020  000120       100       1  BANK1   
                smallconst                     000800  0000A0  0008A0       400       0  SMALLCON
                text23                         0008A0  003FA2  004842       450       0  CODE    


UNUSED ADDRESS RANGES

        Name                Unused          Largest block    Delta
        BANK1            000120-0001FF               E0
        BANK2            000200-0002FF              100
        BANK3            000300-0003FF              100
        BANK4            000400-0004FF              100
        BANK5            000500-0005FF              100
        BANK6            000600-0006FF              100
        BANK7            000700-0007FF              100
        BIGRAM           000054-00005F                C
                         000120-0007FF              6E0
        CODE             000004-000007                4
                         000012-0007FF              7EE
                         004842-007FFF             37BE
        COMRAM           000054-00005F                C
        CONST            000004-000007                4
                         000012-0007FF              7EE
                         004842-007FFF             37BE
        EEDATA           F00000-F000FF              100
        MEDIUMCONST      004842-007FFF             37BE
        RAM              000120-0007FF              100
        SFR              000F60-000FFF               A0
        SMALLCONST       004842-007FFF              100
        STACK            000120-0007FF              6E0

                                  Symbol Table

?___aodiv                             cstackBANK0  000060
?___aomod                             cstackBANK0  000060
?___awdiv                             cstackBANK0  000060
?___fladd                             cstackBANK0  000060
?___flmul                             cstackBANK0  00006E
?___flneg                             cstackBANK0  000060
?___flsub                             cstackBANK0  000070
?___fltol                             cstackBANK0  0000A1
?___xxtofl                            cstackBANK0  000060
?_abs                                 cstackBANK0  000072
?_convert_temp                        cstackBANK0  0000AB
?_dtoa                                cstackBANK0  00007B
?_has_passwords                       cstackBANK0  000061
?_has_status_relay                    cstackBANK0  000061
?_isdigit                             cstackBANK0  000060
?_option_relay                        cstackBANK0  00006A
?_pad                                 cstackBANK0  000070
?_roundf                              cstackBANK0  000087
?_sprintf                             cstackBANK0  0000B7
?_strcmp                              cstackBANK0  000060
?_strlen                              cstackBANK0  000060
?_vfpfcnvrt                           cstackBANK0  00009F
?_vfprintf                            cstackBANK0  0000AF
?i2___awdiv                           cstackCOMRAM 000001
?i2___fladd                           cstackCOMRAM 000001
?i2___flmul                           cstackCOMRAM 00000F
?i2___flneg                           cstackCOMRAM 000001
?i2___flsub                           cstackCOMRAM 000011
?i2___fltol                           cstackCOMRAM 000042
?i2___xxtofl                          cstackCOMRAM 000001
?i2_convert_temp                      cstackCOMRAM 00004C
?i2_roundf                            cstackCOMRAM 000028
EEPROM_read@address                   cstackBANK0  000060
EEPROM_read_user@address              cstackBANK0  000064
EEPROM_read_user@i                    cstackBANK0  000065
EEPROM_read_user@start_address        cstackBANK0  000063
EEPROM_read_user@user                 cstackBANK0  000061
EEPROM_write@address                  cstackBANK0  000060
EEPROM_write@data                     cstackBANK0  000061
EEPROM_write_user@address             cstackBANK0  000065
EEPROM_write_user@i                   cstackBANK0  000066
EEPROM_write_user@start_address       cstackBANK0  000064
EEPROM_write_user@user                cstackBANK0  000062
OpenXLCD@lcdtype                      cstackBANK0  000061
SetDDRamAddr@DDaddr                   cstackBANK0  000060
WriteCmdXLCD@cmd                      cstackBANK0  000060
WriteDataXLCD@data                    cstackBANK0  000060
_ADCON0                               (abs)        000FC2
_ADCON0bits                           (abs)        000FC2
_ADCON1                               (abs)        000FC1
_ADCON2                               (abs)        000FC0
_ADRESH                               (abs)        000FC4
_ADRESL                               (abs)        000FC3
_BusyXLCD                             text38       0043E8
_DelayFor18TCY                        text50       004834
_DelayPORXLCD                         text34       0047FC
_DelayXLCD                            text33       0047E8
_EEADR                                (abs)        000FA9
_EECON1bits                           (abs)        000FA6
_EECON2                               (abs)        000FA7
_EEDATA                               (abs)        000FA8
_EEPROM_read                          text55       004822
_EEPROM_read_user                     text41       0042C8
_EEPROM_write                         text57       00471A
_EEPROM_write_user                    text56       004198
_INTCONbits                           (abs)        000FF2
_IPR1bits                             (abs)        000F9F
_LATEbits                             (abs)        000F8D
_OpenXLCD                             text31       00369A
_PIE1bits                             (abs)        000F9D
_PIR1bits                             (abs)        000F9E
_PIR2bits                             (abs)        000FA1
_PORTBbits                            (abs)        000F81
_PORTCbits                            (abs)        000F82
_PORTD                                (abs)        000F83
_RBPU                                 (abs)        007F8F
_RCONbits                             (abs)        000FD0
_SetDDRamAddr                         text32       0043A2
_TRISAbits                            (abs)        000F92
_TRISB                                (abs)        000F93
_TRISCbits                            (abs)        000F94
_TRISD                                (abs)        000F95
_TRISEbits                            (abs)        000F96
_WriteCmdXLCD                         text49       0044FC
_WriteDataXLCD                        text46       0044B8
__HRAM                                (abs)        000000
__Habs1                               abs1         000000
__Hbank0                              bank0        000000
__Hbank1                              bank1        000000
__Hbank2                              bank2        000000
__Hbank3                              bank3        000000
__Hbank4                              bank4        000000
__Hbank5                              bank5        000000
__Hbank6                              bank6        000000
__Hbank7                              bank7        000000
__Hbigbss                             bigbss       000000
__Hbigdata                            bigdata      000000
__Hbigram                             bigram       000000
__Hbss                                bss          000000
__HbssBANK0                           bssBANK0     000000
__HbssBANK1                           bssBANK1     000000
__Hcinit                              cinit        000000
__Hclrtext                            clrtext      000000
__Hcomram                             comram       000000
__Hconfig                             config       30000E
__Hconst                              const        000000
__HcstackBANK0                        cstackBANK0  000000
__HcstackCOMRAM                       cstackCOMRAM 000000
__Hdata                               data         000000
__HdataBANK0                          dataBANK0    000000
__HdataCOMRAM                         dataCOMRAM   000000
__Heeprom_data                        eeprom_data  000000
__Hfarbss                             farbss       000000
__Hfardata                            fardata      000000
__Hibigdata                           ibigdata     000000
__Hidata                              idata        000000
__HidataBANK0                         idataBANK0   000000
__HidataCOMRAM                        idataCOMRAM  000000
__Hidloc                              idloc        200008
__Hifardata                           ifardata     000000
__Hinit                               init         000012
__Hintcode                            intcode      00000E
__Hintcode_body                       intcode_body 000000
__Hintcodelo                          intcodelo    00000E
__Hintentry                           intentry     000000
__Hintret                             intret       000000
__Hintsave_regs                       intsave_regs 000000
__Hirdata                             irdata       000000
__Hmediumconst                        mediumconst  000000
__HnvFARRAM                           nvFARRAM     000000
__Hnvbit                              nvbit        000000
__Hnvrram                             nvrram       000000
__Hparam                              rparam       000000
__Hpowerup                            powerup      00000E
__Hram                                ram          000000
__Hramtop                             ramtop       000800
__Hrbit                               rbit         000000
__Hrbss                               rbss         000000
__Hrdata                              rdata        000000
__Hreset_vec                          reset_vec    000004
__Hrparam                             rparam       000000
__Hsfr                                sfr          000000
__Hsmallconst                         smallconst   0008A0
__Hspace_0                            (abs)        004842
__Hspace_1                            (abs)        000120
__Hspace_2                            (abs)        000000
__Hspace_4                            (abs)        60000E
__Hstack                              stack        000000
__Hstruct                             struct       000000
__Htemp                               temp         000054
__Htext                               text         000000
__Htext0                              text0        000000
__Htext1                              text1        000000
__Htext10                             text10       000000
__Htext11                             text11       000000
__Htext12                             text12       000000
__Htext13                             text13       000000
__Htext14                             text14       000000
__Htext15                             text15       000000
__Htext16                             text16       000000
__Htext17                             text17       000000
__Htext18                             text18       000000
__Htext19                             text19       000000
__Htext2                              text2        000000
__Htext20                             text20       000000
__Htext21                             text21       000000
__Htext22                             text22       000000
__Htext23                             text23       000000
__Htext24                             text24       000000
__Htext25                             text25       000000
__Htext26                             text26       000000
__Htext27                             text27       000000
__Htext28                             text28       000000
__Htext29                             text29       000000
__Htext3                              text3        000000
__Htext30                             text30       000000
__Htext31                             text31       000000
__Htext32                             text32       000000
__Htext33                             text33       000000
__Htext34                             text34       000000
__Htext35                             text35       000000
__Htext36                             text36       000000
__Htext37                             text37       000000
__Htext38                             text38       000000
__Htext39                             text39       000000
__Htext4                              text4        000000
__Htext40                             text40       000000
__Htext41                             text41       000000
__Htext42                             text42       000000
__Htext43                             text43       000000
__Htext44                             text44       000000
__Htext45                             text45       000000
__Htext46                             text46       000000
__Htext47                             text47       000000
__Htext48                             text48       000000
__Htext49                             text49       000000
__Htext5                              text5        000000
__Htext50                             text50       000000
__Htext51                             text51       000000
__Htext52                             text52       000000
__Htext53                             text53       000000
__Htext54                             text54       000000
__Htext55                             text55       000000
__Htext56                             text56       000000
__Htext57                             text57       000000
__Htext59                             text59       000000
__Htext6                              text6        000000
__Htext60                             text60       000000
__Htext61                             text61       000000
__Htext62                             text62       000000
__Htext63                             text63       000000
__Htext64                             text64       000000
__Htext65                             text65       000000
__Htext66                             text66       000000
__Htext67                             text67       000000
__Htext68                             text68       000000
__Htext7                              text7        000000
__Htext8                              text8        000000
__Htext9                              text9        000000
__LRAM                                (abs)        000001
__Labs1                               abs1         000000
__Lbank0                              bank0        000000
__Lbank1                              bank1        000000
__Lbank2                              bank2        000000
__Lbank3                              bank3        000000
__Lbank4                              bank4        000000
__Lbank5                              bank5        000000
__Lbank6                              bank6        000000
__Lbank7                              bank7        000000
__Lbigbss                             bigbss       000000
__Lbigdata                            bigdata      000000
__Lbigram                             bigram       000000
__Lbss                                bss          000000
__LbssBANK0                           bssBANK0     000000
__LbssBANK1                           bssBANK1     000000
__Lcinit                              cinit        000000
__Lclrtext                            clrtext      000000
__Lcomram                             comram       000000
__Lconfig                             config       000000
__Lconst                              const        000000
__LcstackBANK0                        cstackBANK0  000000
__LcstackCOMRAM                       cstackCOMRAM 000000
__Ldata                               data         000000
__LdataBANK0                          dataBANK0    000000
__LdataCOMRAM                         dataCOMRAM   000000
__Leeprom_data                        eeprom_data  000000
__Lfarbss                             farbss       000000
__Lfardata                            fardata      000000
__Libigdata                           ibigdata     000000
__Lidata                              idata        000000
__LidataBANK0                         idataBANK0   000000
__LidataCOMRAM                        idataCOMRAM  000000
__Lidloc                              idloc        000000
__Lifardata                           ifardata     000000
__Linit                               init         00000E
__Lintcode                            intcode      000008
__Lintcode_body                       intcode_body 000000
__Lintcodelo                          intcodelo    00000E
__Lintentry                           intentry     000000
__Lintret                             intret       000000
__Lintsave_regs                       intsave_regs 000000
__Lirdata                             irdata       000000
__Lmediumconst                        mediumconst  000000
__LnvFARRAM                           nvFARRAM     000000
__Lnvbit                              nvbit        000000
__Lnvrram                             nvrram       000000
__Lparam                              rparam       000000
__Lpowerup                            powerup      00000E
__Lram                                ram          000000
__Lramtop                             ramtop       000800
__Lrbit                               rbit         000000
__Lrbss                               rbss         000000
__Lrdata                              rdata        000000
__Lreset_vec                          reset_vec    000000
__Lrparam                             rparam       000000
__Lsfr                                sfr          000000
__Lsmallconst                         smallconst   000800
__Lspace_0                            (abs)        000000
__Lspace_1                            (abs)        000000
__Lspace_2                            (abs)        000000
__Lspace_4                            (abs)        000000
__Lstack                              stack        000000
__Lstruct                             struct       000000
__Ltemp                               temp         000053
__Ltext                               text         000000
__Ltext0                              text0        000000
__Ltext1                              text1        000000
__Ltext10                             text10       000000
__Ltext11                             text11       000000
__Ltext12                             text12       000000
__Ltext13                             text13       000000
__Ltext14                             text14       000000
__Ltext15                             text15       000000
__Ltext16                             text16       000000
__Ltext17                             text17       000000
__Ltext18                             text18       000000
__Ltext19                             text19       000000
__Ltext2                              text2        000000
__Ltext20                             text20       000000
__Ltext21                             text21       000000
__Ltext22                             text22       000000
__Ltext23                             text23       000000
__Ltext24                             text24       000000
__Ltext25                             text25       000000
__Ltext26                             text26       000000
__Ltext27                             text27       000000
__Ltext28                             text28       000000
__Ltext29                             text29       000000
__Ltext3                              text3        000000
__Ltext30                             text30       000000
__Ltext31                             text31       000000
__Ltext32                             text32       000000
__Ltext33                             text33       000000
__Ltext34                             text34       000000
__Ltext35                             text35       000000
__Ltext36                             text36       000000
__Ltext37                             text37       000000
__Ltext38                             text38       000000
__Ltext39                             text39       000000
__Ltext4                              text4        000000
__Ltext40                             text40       000000
__Ltext41                             text41       000000
__Ltext42                             text42       000000
__Ltext43                             text43       000000
__Ltext44                             text44       000000
__Ltext45                             text45       000000
__Ltext46                             text46       000000
__Ltext47                             text47       000000
__Ltext48                             text48       000000
__Ltext49                             text49       000000
__Ltext5                              text5        000000
__Ltext50                             text50       000000
__Ltext51                             text51       000000
__Ltext52                             text52       000000
__Ltext53                             text53       000000
__Ltext54                             text54       000000
__Ltext55                             text55       000000
__Ltext56                             text56       000000
__Ltext57                             text57       000000
__Ltext59                             text59       000000
__Ltext6                              text6        000000
__Ltext60                             text60       000000
__Ltext61                             text61       000000
__Ltext62                             text62       000000
__Ltext63                             text63       000000
__Ltext64                             text64       000000
__Ltext65                             text65       000000
__Ltext66                             text66       000000
__Ltext67                             text67       000000
__Ltext68                             text68       000000
__Ltext7                              text7        000000
__Ltext8                              text8        000000
__Ltext9                              text9        000000
__S0                                  (abs)        004842
__S1                                  (abs)        000120
__S2                                  (abs)        000000
__S4                                  (abs)        000000
__S5                                  (abs)        000000
___aodiv                              text19       002D70
___aodiv@counter                      cstackBANK0  000070
___aodiv@dividend                     cstackBANK0  000060
___aodiv@divisor                      cstackBANK0  000068
___aodiv@quotient                     cstackBANK0  000072
___aodiv@sign                         cstackBANK0  000071
___aomod                              text18       002EFA
___aomod@counter                      cstackBANK0  000070
___aomod@dividend                     cstackBANK0  000060
___aomod@divisor                      cstackBANK0  000068
___aomod@sign                         cstackBANK0  000071
___awdiv                              text29       0039FE
___awdiv@counter                      cstackBANK0  000064
___awdiv@dividend                     cstackBANK0  000060
___awdiv@divisor                      cstackBANK0  000062
___awdiv@quotient                     cstackBANK0  000066
___awdiv@sign                         cstackBANK0  000065
___fladd                              text23       0008A0
___fladd@a                            cstackBANK0  000064
___fladd@aexp                         cstackBANK0  00006D
___fladd@b                            cstackBANK0  000060
___fladd@bexp                         cstackBANK0  00006E
___fladd@grs                          cstackBANK0  00006F
___fladd@signs                        cstackBANK0  00006C
___flge                               text26       003294
___flge@ff1                           cstackBANK0  000060
___flge@ff2                           cstackBANK0  000064
___flmul                              text25       001222
___flmul@a                            cstackBANK0  000072
___flmul@aexp                         cstackBANK0  00007F
___flmul@b                            cstackBANK0  00006E
___flmul@bexp                         cstackBANK0  000080
___flmul@grs                          cstackBANK0  00007B
___flmul@prod                         cstackBANK0  000081
___flmul@sign                         cstackBANK0  00007A
___flmul@temp                         cstackBANK0  000085
___flneg                              text24       004670
___flneg@f1                           cstackBANK0  000060
___flsub                              text22       00435A
___flsub@a                            cstackBANK0  000074
___flsub@b                            cstackBANK0  000070
___fltol                              text28       00318C
___fltol@exp1                         cstackBANK0  0000AA
___fltol@f1                           cstackBANK0  0000A1
___fltol@sign1                        cstackBANK0  0000A9
___inthi_sp                           stack        000000
___intlo_sp                           stack        000000
___param_bank                         (abs)        000000
___rparam_used                        (abs)        000001
___sp                                 stack        000000
___xxtofl                             text27       002858
___xxtofl@arg                         cstackBANK0  00006A
___xxtofl@exp                         cstackBANK0  000069
___xxtofl@sign                        cstackBANK0  000068
___xxtofl@val                         cstackBANK0  000060
__accesstop                           (abs)        000060
__activetblptr                        (abs)        000002
__end_of_BusyXLCD                     text38       00442E
__end_of_DelayFor18TCY                text50       00483E
__end_of_DelayPORXLCD                 text34       004810
__end_of_DelayXLCD                    text33       0047FC
__end_of_EEPROM_read                  text55       004834
__end_of_EEPROM_read_user             text41       004312
__end_of_EEPROM_write                 text57       00474E
__end_of_EEPROM_write_user            text56       0041E6
__end_of_OpenXLCD                     text31       00378C
__end_of_SetDDRamAddr                 text32       0043E8
__end_of_WriteCmdXLCD                 text49       004540
__end_of_WriteDataXLCD                text46       0044FC
__end_of___aodiv                      text19       002EFA
__end_of___aomod                      text18       003060
__end_of___awdiv                      text29       003AC4
__end_of___fladd                      text23       000D62
__end_of___flge                       text26       00339A
__end_of___flmul                      text25       00164E
__end_of___flneg                      text24       0046AA
__end_of___flsub                      text22       0043A2
__end_of___fltol                      text28       003294
__end_of___xxtofl                     text27       002A10
__end_of__initialization              cinit        004138
__end_of_abs                          text17       004582
__end_of_assign_default_passwords     text53       003DE4
__end_of_assign_default_status_relay  text51       00477E
__end_of_change_password              text35       00318C
__end_of_clean_lcd                    text48       0047CC
__end_of_config                       text30       0047AC
__end_of_convert_temp                 text20       004670
__end_of_delay_ms                     text45       0044B8
__end_of_delay_show_lcd               text47       0047E8
__end_of_dtoa                         text11       0024CA
__end_of_fputc                        text15       003934
__end_of_fputs                        text14       00435A
__end_of_get_password                 text42       003C48
__end_of_grant_access                 text39       0040E8
__end_of_has_passwords                text54       00427E
__end_of_has_status_relay             text52       004232
__end_of_high_isr                     intcode_body 003868
__end_of_isdigit                      text6        0045FC
__end_of_main                         text0        003E66
__end_of_option_relay                 text4        003CDC
__end_of_pad                          text12       0039FE
__end_of_putch                        text16       004842
__end_of_putsXLCD                     text37       003EDA
__end_of_read_keypad                  text44       0026A0
__end_of_roundf                       text21       001E38
__end_of_show_status_relay            text2        002D70
__end_of_show_temp                    text7        004024
__end_of_sprintf                      text8        004198
__end_of_start                        text1        00369A
__end_of_strcmp                       text40       003F4A
__end_of_strcpy                       text43       0045C2
__end_of_strlen                       text13       004636
__end_of_toggle_relay                 text5        0042C8
__end_of_toint                        smallconst   000815
__end_of_update_password              text36       003D60
__end_of_update_status_relay          text3        003FB8
__end_of_vfpfcnvrt                    text10       002858
__end_of_vfprintf                     text9        004086
__end_ofi2___awdiv                    text68       003B88
__end_ofi2___fladd                    text62       001222
__end_ofi2___flge                     text65       0035A4
__end_ofi2___flmul                    text64       001A78
__end_ofi2___flneg                    text63       00471A
__end_ofi2___flsub                    text61       004474
__end_ofi2___fltol                    text67       0034A0
__end_ofi2___xxtofl                   text66       002BC4
__end_ofi2_convert_temp               text59       0046E2
__end_ofi2_roundf                     text60       0021E6
__end_ofread_keypad@F4312             smallconst   000811
__initialization                      cinit        0040E8
__mediumconst                         mediumconst  000000
__pbssBANK0                           bssBANK0     0000F0
__pbssBANK1                           bssBANK1     000100
__pcinit                              cinit        0040E8
__pcstackBANK0                        cstackBANK0  000060
__pcstackCOMRAM                       cstackCOMRAM 000001
__pdataBANK0                          dataBANK0    0000DE
__pdataCOMRAM                         dataCOMRAM   000051
__pidataBANK0                         idataBANK0   004810
__pidataCOMRAM                        idataCOMRAM  00483E
__pintcode                            intcode      000008
__pintcode_body                       intcode_body 00378C
__psmallconst                         smallconst   000800
__ptext0                              text0        003DE4
__ptext1                              text1        0035A4
__ptext10                             text10       0026A0
__ptext11                             text11       0021E6
__ptext12                             text12       003934
__ptext13                             text13       0045FC
__ptext14                             text14       004312
__ptext15                             text15       003868
__ptext16                             text16       004840
__ptext17                             text17       004540
__ptext18                             text18       002EFA
__ptext19                             text19       002D70
__ptext2                              text2        002BC4
__ptext20                             text20       004636
__ptext21                             text21       001A78
__ptext22                             text22       00435A
__ptext23                             text23       0008A0
__ptext24                             text24       004670
__ptext25                             text25       001222
__ptext26                             text26       003294
__ptext27                             text27       002858
__ptext28                             text28       00318C
__ptext29                             text29       0039FE
__ptext3                              text3        003F4A
__ptext30                             text30       00477E
__ptext31                             text31       00369A
__ptext32                             text32       0043A2
__ptext33                             text33       0047E8
__ptext34                             text34       0047FC
__ptext35                             text35       003060
__ptext36                             text36       003CDC
__ptext37                             text37       003E66
__ptext38                             text38       0043E8
__ptext39                             text39       004086
__ptext4                              text4        003C48
__ptext40                             text40       003EDA
__ptext41                             text41       0042C8
__ptext42                             text42       003B88
__ptext43                             text43       004582
__ptext44                             text44       0024CA
__ptext45                             text45       004474
__ptext46                             text46       0044B8
__ptext47                             text47       0047CC
__ptext48                             text48       0047AC
__ptext49                             text49       0044FC
__ptext5                              text5        00427E
__ptext50                             text50       004834
__ptext51                             text51       00474E
__ptext52                             text52       0041E6
__ptext53                             text53       003D60
__ptext54                             text54       004232
__ptext55                             text55       004822
__ptext56                             text56       004198
__ptext57                             text57       00471A
__ptext59                             text59       0046AA
__ptext6                              text6        0045C2
__ptext60                             text60       001E38
__ptext61                             text61       00442E
__ptext62                             text62       000D62
__ptext63                             text63       0046E2
__ptext64                             text64       00164E
__ptext65                             text65       0034A0
__ptext66                             text66       002A10
__ptext67                             text67       00339A
__ptext68                             text68       003AC4
__ptext7                              text7        003FB8
__ptext8                              text8        004146
__ptext9                              text9        004024
__ramtop                              ramtop       000800
__size_of_BusyXLCD                    (abs)        000000
__size_of_DelayFor18TCY               (abs)        000000
__size_of_DelayPORXLCD                (abs)        000000
__size_of_DelayXLCD                   (abs)        000000
__size_of_EEPROM_read                 (abs)        000000
__size_of_EEPROM_read_user            (abs)        000000
__size_of_EEPROM_write                (abs)        000000
__size_of_EEPROM_write_user           (abs)        000000
__size_of_OpenXLCD                    (abs)        000000
__size_of_SetDDRamAddr                (abs)        000000
__size_of_WriteCmdXLCD                (abs)        000000
__size_of_WriteDataXLCD               (abs)        000000
__size_of___aodiv                     (abs)        000000
__size_of___aomod                     (abs)        000000
__size_of___awdiv                     (abs)        000000
__size_of___fladd                     (abs)        000000
__size_of___flge                      (abs)        000000
__size_of___flmul                     (abs)        000000
__size_of___flneg                     (abs)        000000
__size_of___flsub                     (abs)        000000
__size_of___fltol                     (abs)        000000
__size_of___xxtofl                    (abs)        000000
__size_of_abs                         (abs)        000000
__size_of_assign_default_passwords    (abs)        000000
__size_of_assign_default_status_relay (abs)        000000
__size_of_change_password             (abs)        000000
__size_of_clean_lcd                   (abs)        000000
__size_of_config                      (abs)        000000
__size_of_convert_temp                (abs)        000000
__size_of_delay_ms                    (abs)        000000
__size_of_delay_show_lcd              (abs)        000000
__size_of_dtoa                        (abs)        000000
__size_of_fputc                       (abs)        000000
__size_of_fputs                       (abs)        000000
__size_of_get_password                (abs)        000000
__size_of_grant_access                (abs)        000000
__size_of_has_passwords               (abs)        000000
__size_of_has_status_relay            (abs)        000000
__size_of_high_isr                    (abs)        000000
__size_of_isdigit                     (abs)        000000
__size_of_main                        (abs)        000000
__size_of_option_relay                (abs)        000000
__size_of_pad                         (abs)        000000
__size_of_putch                       (abs)        000000
__size_of_putsXLCD                    (abs)        000000
__size_of_read_keypad                 (abs)        000000
__size_of_roundf                      (abs)        000000
__size_of_show_status_relay           (abs)        000000
__size_of_show_temp                   (abs)        000000
__size_of_sprintf                     (abs)        000000
__size_of_start                       (abs)        000000
__size_of_strcmp                      (abs)        000000
__size_of_strcpy                      (abs)        000000
__size_of_strlen                      (abs)        000000
__size_of_toggle_relay                (abs)        000000
__size_of_update_password             (abs)        000000
__size_of_update_status_relay         (abs)        000000
__size_of_vfpfcnvrt                   (abs)        000000
__size_of_vfprintf                    (abs)        000000
__size_ofi2___awdiv                   (abs)        000000
__size_ofi2___fladd                   (abs)        000000
__size_ofi2___flge                    (abs)        000000
__size_ofi2___flmul                   (abs)        000000
__size_ofi2___flneg                   (abs)        000000
__size_ofi2___flsub                   (abs)        000000
__size_ofi2___fltol                   (abs)        000000
__size_ofi2___xxtofl                  (abs)        000000
__size_ofi2_convert_temp              (abs)        000000
__size_ofi2_roundf                    (abs)        000000
__smallconst                          smallconst   000800
_abs                                  text17       004540
_access_level                         bssBANK0     0000FE
_assign_default_passwords             text53       003D60
_assign_default_status_relay          text51       00474E
_change_password                      text35       003060
_clean_lcd                            text48       0047AC
_config                               text30       00477E
_convert_temp                         text20       004636
_dbuf                                 bssBANK1     000100
_delay_ms                             text45       004474
_delay_show_lcd                       text47       0047CC
_dtoa                                 text11       0021E6
_dtoa$1559                            cstackBANK0  00008D
_flag_status_relay                    bssBANK0     0000FC
_flags                                bssBANK0     0000FA
_fputc                                text15       003868
_fputs                                text14       004312
_get_password                         text42       003B88
_grant_access                         text39       004086
_has_passwords                        text54       004232
_has_status_relay                     text52       0041E6
_high_isr                             intcode      000008
_isdigit                              text6        0045C2
_main                                 text0        003DE4
_nout                                 bssBANK0     0000F4
_option_relay                         text4        003C48
_pad                                  text12       003934
_prec                                 bssBANK0     0000F8
_putch                                text16       004840
_putsXLCD                             text37       003E66
_read_keypad                          text44       0024CA
_roundf                               text21       001A78
_roundf$1848                          cstackBANK0  000095
_roundf$1849                          cstackBANK0  00008F
_row                                  dataCOMRAM   000051
_show_status_relay                    text2        002BC4
_show_status_relay$776                cstackBANK0  00007D
_show_temp                            text7        003FB8
_sprintf                              text8        004146
_start                                text1        0035A4
_strcmp                               text40       003EDA
_strcpy                               text43       004582
_strlen                               text13       0045FC
_toggle_relay                         text5        00427E
_update_password                      text36       003CDC
_update_status_relay                  text3        003F4A
_vfpfcnvrt                            text10       0026A0
_vfprintf                             text9        004024
_width                                bssBANK0     0000F6
abs@a                                 cstackBANK0  000072
assign_default_passwords@F4301        dataBANK0    0000EA
assign_default_passwords@F4303        dataBANK0    0000E4
assign_default_passwords@F4305        dataBANK0    0000DE
assign_default_passwords@user1        cstackBANK0  000067
assign_default_passwords@user2        cstackBANK0  00006D
assign_default_passwords@user3        cstackBANK0  000073
btemp                                 temp         000053
change_password@current_password      cstackBANK0  00008E
change_password@new_password          cstackBANK0  000089
delay_ms@i                            cstackBANK0  000063
delay_ms@ms                           cstackBANK0  000060
dtoa@d                                cstackBANK0  00007D
dtoa@fp                               cstackBANK0  00007B
dtoa@i                                cstackBANK0  00009D
dtoa@n                                cstackBANK0  000095
dtoa@p                                cstackBANK0  00008F
dtoa@s                                cstackBANK0  000093
dtoa@w                                cstackBANK0  000091
end_of_initialization                 cinit        004138
fputc@c                               cstackBANK0  000060
fputc@fp                              cstackBANK0  000062
fputs@c                               cstackBANK0  00006D
fputs@fp                              cstackBANK0  00006B
fputs@i                               cstackBANK0  00006E
fputs@s                               cstackBANK0  000069
get_password@entered_password         cstackBANK0  00007D
get_password@i                        cstackBANK0  000083
get_password@key                      cstackBANK0  000082
get_password@password                 cstackBANK0  000079
grant_access@address                  cstackBANK0  000068
grant_access@input_password           cstackBANK0  000066
grant_access@user                     cstackBANK0  000069
has_passwords@address                 cstackBANK0  000063
has_status_relay@address              cstackBANK0  000063
i2___awdiv                            text68       003AC4
i2___awdiv@counter                    cstackCOMRAM 000005
i2___awdiv@dividend                   cstackCOMRAM 000001
i2___awdiv@divisor                    cstackCOMRAM 000003
i2___awdiv@quotient                   cstackCOMRAM 000007
i2___awdiv@sign                       cstackCOMRAM 000006
i2___fladd                            text62       000D62
i2___fladd@a                          cstackCOMRAM 000005
i2___fladd@aexp                       cstackCOMRAM 00000E
i2___fladd@b                          cstackCOMRAM 000001
i2___fladd@bexp                       cstackCOMRAM 00000F
i2___fladd@grs                        cstackCOMRAM 000010
i2___fladd@signs                      cstackCOMRAM 00000D
i2___flge                             text65       0034A0
i2___flge@ff1                         cstackCOMRAM 000001
i2___flge@ff2                         cstackCOMRAM 000005
i2___flmul                            text64       00164E
i2___flmul@a                          cstackCOMRAM 000013
i2___flmul@aexp                       cstackCOMRAM 000020
i2___flmul@b                          cstackCOMRAM 00000F
i2___flmul@bexp                       cstackCOMRAM 000021
i2___flmul@grs                        cstackCOMRAM 00001C
i2___flmul@prod                       cstackCOMRAM 000022
i2___flmul@sign                       cstackCOMRAM 00001B
i2___flmul@temp                       cstackCOMRAM 000026
i2___flneg                            text63       0046E2
i2___flneg@f1                         cstackCOMRAM 000001
i2___flsub                            text61       00442E
i2___flsub@a                          cstackCOMRAM 000015
i2___flsub@b                          cstackCOMRAM 000011
i2___fltol                            text67       00339A
i2___fltol@exp1                       cstackCOMRAM 00004B
i2___fltol@f1                         cstackCOMRAM 000042
i2___fltol@sign1                      cstackCOMRAM 00004A
i2___xxtofl                           text66       002A10
i2___xxtofl@arg                       cstackCOMRAM 00000B
i2___xxtofl@exp                       cstackCOMRAM 00000A
i2___xxtofl@sign                      cstackCOMRAM 000009
i2___xxtofl@val                       cstackCOMRAM 000001
i2_convert_temp                       text59       0046AA
i2_roundf                             text60       001E38
i2_roundf$1960                        cstackCOMRAM 000036
i2_roundf$1961                        cstackCOMRAM 000030
i2roundf@e                            cstackCOMRAM 000034
i2roundf@u                            cstackCOMRAM 00003A
i2roundf@x                            cstackCOMRAM 000028
i2roundf@y                            cstackCOMRAM 00003E
int$flags                             temp         000053
int_func                              intcode_body 00378C
intlevel0                             text         000000
intlevel1                             text         000000
intlevel2                             text         000000
intlevel3                             text         000000
isa$std                               (abs)        000001
isa$xinst                             (abs)        000000
isdigit@c                             cstackBANK0  000060
main@key                              cstackBANK0  0000DD
option_relay@relay_number             cstackBANK0  00006A
pad@buf                               cstackBANK0  000072
pad@fp                                cstackBANK0  000070
pad@i                                 cstackBANK0  000077
pad@p                                 cstackBANK0  000074
pad@w                                 cstackBANK0  000079
putsXLCD@buffer                       cstackBANK0  000061
read_keypad@F4312                     smallconst   000801
read_keypad@col                       cstackBANK0  000077
read_keypad@keys                      cstackBANK0  000067
roundf@F528                           bssBANK0     0000F0
roundf@e                              cstackBANK0  000093
roundf@u                              cstackBANK0  000099
roundf@x                              cstackBANK0  000087
roundf@y                              cstackBANK0  00009D
show_status_relay@key                 cstackBANK0  000083
show_status_relay@rl1                 cstackBANK0  00007F
show_status_relay@rl2                 cstackBANK0  000081
show_temp@adc                         cstackBANK0  0000D9
show_temp@int_str                     cstackBANK0  0000C5
sprintf@ap                            cstackBANK0  0000BD
sprintf@f                             cstackBANK0  0000BF
sprintf@fmt                           cstackBANK0  0000B9
sprintf@s                             cstackBANK0  0000B7
stackhi                               (abs)        0007FF
stacklo                               (abs)        000120
start                                 init         00000E
start@current_password                cstackBANK0  000087
start_initialization                  cinit        0040E8
strcmp@l                              cstackBANK0  000060
strcmp@r                              cstackBANK0  000062
strcpy@d                              cstackBANK0  000066
strcpy@dest                           cstackBANK0  000060
strcpy@s                              cstackBANK0  000064
strcpy@src                            cstackBANK0  000062
strlen@a                              cstackBANK0  000062
strlen@s                              cstackBANK0  000060
toggle_relay@relay_number             cstackBANK0  000062
toggle_relay@status                   cstackBANK0  000068
ttemp5                                temp         000054
ttemp6                                temp         000057
ttemp7                                temp         00005B
update_password@address               cstackBANK0  00006C
update_password@current_password      cstackBANK0  000068
update_password@new_password          cstackBANK0  00006A
update_password@user                  cstackBANK0  00006D
vfpfcnvrt@ap                          cstackBANK0  0000A3
vfpfcnvrt@fmt                         cstackBANK0  0000A1
vfpfcnvrt@fp                          cstackBANK0  00009F
vfpfcnvrt@ll                          cstackBANK0  0000A7
vfprintf@ap                           cstackBANK0  0000B3
vfprintf@cfmt                         cstackBANK0  0000B5
vfprintf@fmt                          cstackBANK0  0000B1
vfprintf@fp                           cstackBANK0  0000AF
wtemp8                                temp         000054


MODULE INFORMATION

Module		Function		Class		Link	Load	Size
C:\Program Files\Microchip\xc8\v2.32\pic\sources\c99\common\nf_sprintf.c
		_sprintf       		CODE           	4146	0000	82

C:\Program Files\Microchip\xc8\v2.32\pic\sources\c99\common\nf_sprintf.c estimated size: 82

C:\Program Files\Microchip\xc8\v2.32\pic\sources\c99\common\awdiv.c
		___awdiv       		CODE           	39FE	0000	198

C:\Program Files\Microchip\xc8\v2.32\pic\sources\c99\common\awdiv.c estimated size: 198

C:\Program Files\Microchip\xc8\v2.32\pic\sources\c99\common\isdigit.c
		_isdigit       		CODE           	45C2	0000	58

C:\Program Files\Microchip\xc8\v2.32\pic\sources\c99\common\isdigit.c estimated size: 58

C:\Program Files\Microchip\xc8\v2.32\pic\sources\c99\common\sprcadd.c
		___flsub       		CODE           	435A	0000	72
		___fladd       		CODE           	08A0	0000	1218

C:\Program Files\Microchip\xc8\v2.32\pic\sources\c99\common\sprcadd.c estimated size: 1290

C:\Program Files\Microchip\xc8\v2.32\pic\sources\c99\common\doprnt.c
		_vfpfcnvrt     		CODE           	26A0	0000	440
		_pad           		CODE           	3934	0000	202
		_dtoa          		CODE           	21E6	0000	740
		_vfprintf      		CODE           	4024	0000	98

C:\Program Files\Microchip\xc8\v2.32\pic\sources\c99\common\doprnt.c estimated size: 1480

C:\Program Files\Microchip\xc8\v2.32\pic\sources\c99\common\flneg.c
		___flneg       		CODE           	4670	0000	58

C:\Program Files\Microchip\xc8\v2.32\pic\sources\c99\common\flneg.c estimated size: 58

C:\Program Files\Microchip\xc8\v2.32\pic\sources\c99\common\nf_fputs.c
		_fputs         		CODE           	4312	0000	72

C:\Program Files\Microchip\xc8\v2.32\pic\sources\c99\common\nf_fputs.c estimated size: 72

C:\Program Files\Microchip\xc8\v2.32\pic\sources\c99\common\putch.c
		_putch         		CODE           	4840	0000	2

C:\Program Files\Microchip\xc8\v2.32\pic\sources\c99\common\putch.c estimated size: 2

C:\Program Files\Microchip\xc8\v2.32\pic\sources\c99\common\abs.c
		_abs           		CODE           	4540	0000	66

C:\Program Files\Microchip\xc8\v2.32\pic\sources\c99\common\abs.c estimated size: 66

C:\Program Files\Microchip\xc8\v2.32\pic\sources\c99\common\aomod.c
		___aomod       		CODE           	2EFA	0000	358

C:\Program Files\Microchip\xc8\v2.32\pic\sources\c99\common\aomod.c estimated size: 358

nxlcd.c
		_BusyXLCD      		CODE           	43E8	0000	70
		_putsXLCD      		CODE           	3E66	0000	116
		_DelayFor18TCY 		CODE           	4834	0000	10
		_DelayXLCD     		CODE           	47E8	0000	20
		_WriteCmdXLCD  		CODE           	44FC	0000	68
		_OpenXLCD      		CODE           	369A	0000	242
		_WriteDataXLCD 		CODE           	44B8	0000	68
		_SetDDRamAddr  		CODE           	43A2	0000	70
		_DelayPORXLCD  		CODE           	47FC	0000	20

nxlcd.c estimated size: 684

shared
		i2___flneg     		CODE           	46E2	0000	56
		i2___awdiv     		CODE           	3AC4	0000	196
		i2___fladd     		CODE           	0D62	0000	1216
		i2___fltol     		CODE           	339A	0000	262
		__initialization		CODE           	40E8	0000	80
		i2___flge      		CODE           	34A0	0000	260
		_toint         		SMALLCONST     	0000	0000	0
		i2___flmul     		CODE           	164E	0000	1066
		i2___xxtofl    		CODE           	2A10	0000	436
		read_keypad@F4312		SMALLCONST     	0801	0000	16
		i2___flsub     		CODE           	442E	0000	70
		i2_convert_temp		CODE           	46AA	0000	56
		i2_roundf      		CODE           	1E38	0000	942

shared estimated size: 4656

C:\Program Files\Microchip\xc8\v2.32\pic\sources\c99\common\sprcmul.c
		___flmul       		CODE           	1222	0000	1068

C:\Program Files\Microchip\xc8\v2.32\pic\sources\c99\common\sprcmul.c estimated size: 1068

C:\Program Files\Microchip\xc8\v2.32\pic\sources\c99\common\roundf.c
		_roundf        		CODE           	1A78	0000	960

C:\Program Files\Microchip\xc8\v2.32\pic\sources\c99\common\roundf.c estimated size: 960

C:\Program Files\Microchip\xc8\v2.32\pic\sources\c99\common\fltol.c
		___fltol       		CODE           	318C	0000	264

C:\Program Files\Microchip\xc8\v2.32\pic\sources\c99\common\fltol.c estimated size: 264

C:\Program Files\Microchip\xc8\v2.32\pic\sources\c99\common\xxtofl.c
		___xxtofl      		CODE           	2858	0000	440

C:\Program Files\Microchip\xc8\v2.32\pic\sources\c99\common\xxtofl.c estimated size: 440

C:\Program Files\Microchip\xc8\v2.32\pic\sources\c99\common\nf_fputc.c
		_fputc         		CODE           	3868	0000	204

C:\Program Files\Microchip\xc8\v2.32\pic\sources\c99\common\nf_fputc.c estimated size: 204

C:\Program Files\Microchip\xc8\v2.32\pic\sources\c99\common\aodiv.c
		___aodiv       		CODE           	2D70	0000	394

C:\Program Files\Microchip\xc8\v2.32\pic\sources\c99\common\aodiv.c estimated size: 394

main.c
		_update_status_relay		CODE           	3F4A	0000	110
		_clean_lcd     		CODE           	47AC	0000	32
		_option_relay  		CODE           	3C48	0000	148
		_delay_show_lcd		CODE           	47CC	0000	28
		_EEPROM_read   		CODE           	4822	0000	18
		_has_passwords 		CODE           	4232	0000	76
		_show_temp     		CODE           	3FB8	0000	108
		_EEPROM_write  		CODE           	471A	0000	52
		_main          		CODE           	3DE4	0000	130
		_get_password  		CODE           	3B88	0000	192
		_change_password		CODE           	3060	0000	300
		_high_isr      		CODE           	0008	0000	226
		_EEPROM_read_user		CODE           	42C8	0000	74
		_assign_default_passwords		CODE           	3D60	0000	132
		_config        		CODE           	477E	0000	46
		_EEPROM_write_user		CODE           	4198	0000	78
		_show_status_relay		CODE           	2BC4	0000	428
		_grant_access  		CODE           	4086	0000	98
		_start         		CODE           	35A4	0000	246
		_toggle_relay  		CODE           	427E	0000	74
		_delay_ms      		CODE           	4474	0000	68
		_convert_temp  		CODE           	4636	0000	58
		_read_keypad   		CODE           	24CA	0000	470
		_assign_default_status_relay		CODE           	474E	0000	48
		_has_status_relay		CODE           	41E6	0000	76
		_update_password		CODE           	3CDC	0000	132

main.c estimated size: 3448

C:\Program Files\Microchip\xc8\v2.32\pic\sources\c99\common\strlen.c
		_strlen        		CODE           	45FC	0000	58

C:\Program Files\Microchip\xc8\v2.32\pic\sources\c99\common\strlen.c estimated size: 58

C:\Program Files\Microchip\xc8\v2.32\pic\sources\c99\common\flge.c
		___flge        		CODE           	3294	0000	262

C:\Program Files\Microchip\xc8\v2.32\pic\sources\c99\common\flge.c estimated size: 262

C:\Program Files\Microchip\xc8\v2.32\pic\sources\c99\common\strcmp.c
		_strcmp        		CODE           	3EDA	0000	112

C:\Program Files\Microchip\xc8\v2.32\pic\sources\c99\common\strcmp.c estimated size: 112

C:\Program Files\Microchip\xc8\v2.32\pic\sources\c99\common\strcpy.c
		_strcpy        		CODE           	4582	0000	64

C:\Program Files\Microchip\xc8\v2.32\pic\sources\c99\common\strcpy.c estimated size: 64

